// Jest Snapshot v1, https://goo.gl/fbAQLP

exports[`PageFooter component PageFooter should be shown correctly 1`] = `
<footer
  className="page-footer"
>
  <Link
    className="page-footer__link"
    to="/"
  >
    netflixroulette
  </Link>
</footer>
`;
